// Jest Snapshot v1, https://goo.gl/fbAQLP

exports[`<ProductDetails /> renders with proper data 1`] = `
<div>
  <div
    class="ProductDetails__ProductStyles-sc-199yvsf-0 bCtqoC"
    data-testid="product-details-container"
  >
    <img
      src="dog.jpg"
    />
    <div
      class="details"
    >
      <h2>
        dogs are best
      </h2>
      <p>
        dogs
      </p>
    </div>
  </div>
</div>
`;
